---
source: tests/ui_snapshots.rs
assertion_line: 165
expression: output
---
┌ 📋  Todo (2) ──────────┐┌ ⏳  In Progress (1) ───┐┌ 🔒  Blocked (1) ───────┐┌ ✅  Done (0) ──────────┐
│!!! Review PR          ││!!!! Fix critical b…   ││!! Blocked task        ││No tasks               │
│!! Write document…     ││                       ││                       ││                       │
│                       ││                       ││                       ││                       │
│                       ││                       ││                       ││                       │
│                       ││                       ││                       ││                       │
│                       ││                       ││                       ││                       │
│                       ││                       ││                       ││                       │
│                       ││                       ││                       ││                       │
│                       ││                       ││                       ││                       │
│                       ││                       ││                       ││                       │
│                       ││                       ││                       ││                       │
│                       ││                       ││                       ││                       │
│                       ││                       ││                       ││                       │
│                       ││                       ││                       ││                       │
│                       ││                       ││                       ││                       │
│                       ││                       ││                       ││                       │
│                       ││                       ││                       ││                       │
│                       ││                       ││                       ││                       │
│                       ││                       ││                       ││                       │
│                       ││                       ││                       ││                       │
│                       ││                       ││                       ││                       │
│                       ││                       ││                       ││                       │
│                       ││                       ││                       ││                       │
└───────────────────────┘└───────────────────────┘└───────────────────────┘└───────────────────────┘
