---
source: tests/ui_snapshots.rs
assertion_line: 441
expression: output
---
┌ Forecast - Workload Projection ──────────────────────────────────────────────────────────────────────────────────────┐
│┌ Tasks Due Per Week ────────────────────────────────────────────────────────────────────────────────────────────────┐│
││                                                                                                                    ││
││                                                                                                                    ││
││                                                                                                                    ││
││                                                                                                                    ││
││                                                                                                                    ││
││                                                                                                                    ││
││                                                                                                                    ││
││                                                                                                                    ││
││                                                                                                                    ││
││ 12/8    12/15   12/22   12/29    1/5    1/12    1/19    1/26                                                       ││
│└────────────────────────────────────────────────────────────────────────────────────────────────────────────────────┘│
│┌ Daily Capacity (Next 7 Days) ─────────┐┌ Summary ───────────────────┐┌ Upcoming Deadlines ─────────────────────────┐│
││· Tue 12/09       — (0 tasks)          ││Total tasks: 0              ││                                             ││
││· Wed 12/10       — (0 tasks)          ││Estimated time: 0h 0m       ││                                             ││
││· Thu 12/11       — (0 tasks)          ││                            ││                                             ││
││· Fri 12/12       — (0 tasks)          ││This week: 0 tasks          ││                                             ││
││· Sat 12/13       — (0 tasks)          ││Next week: 0 tasks          ││                                             ││
││· Sun 12/14       — (0 tasks)          ││                            ││                                             ││
││· Mon 12/15       — (0 tasks)          ││✓ Workload looks manageable ││                                             ││
││                                       ││                            ││                                             ││
││                                       ││                            ││                                             ││
││                                       ││                            ││                                             ││
││                                       ││                            ││                                             ││
││                                       ││                            ││                                             ││
││                                       ││                            ││                                             ││
││                                       ││                            ││                                             ││
│└───────────────────────────────────────┘└────────────────────────────┘└─────────────────────────────────────────────┘│
└──────────────────────────────────────────────────────────────────────────────────────────────────────────────────────┘
