---
source: tests/ui_snapshots.rs
expression: output
---
┌───────────────────────────────── FOCUS MODE ─────────────────────────────────┐
│                                                                              │
│                                                                              │
│  [ ] Blocked task                                                            │
│                                                                              │
│      !! Medium                                                               │
│                                                                              │
│                                                                              │
│                                                                              │
│                                                                              │
│                                                                              │
│                                                                              │
│                                                                              │
│                                                                              │
│                                                                              │
│                                                                              │
│                                                                              │
│                                                                              │
│                                                                              │
│⏱ 00:00:00                                                                    │
│                                                                              │
│[t] Start  [x] Toggle  [F] Full  [f/Esc] Exit                                 │
│                                                                              │
└──────────────────────────────────────────────────────────────────────────────┘
