---
source: tests/ui_snapshots.rs
assertion_line: 260
expression: output
---
┌ Burndown - Progress Chart ───────────────────────────────────────────────────────────────────────┐
│┌ Last 14 Days ────────────────────────────────────────────────┐┌ Statistics ────────────────────┐│
││   1│                                                         ││Progress: [░░░░░░░░░░░░░░░░░░░░]││
││   1│                                                         ││                                ││
││   1│                                                         ││Total tasks: 0                  ││
││   1│                                                         ││Completed: 0                    ││
││   1│                                                         ││Remaining: 0                    ││
││   1│                                                         ││                                ││
││   1│                                                         ││Velocity: 0.0 tasks/day         ││
││   1│                                                         ││Projected: N/A                  ││
││   1│                                                         ││Target: 12/23                   ││
││   1│                                                         ││                                ││
││   1│                                                         ││                                ││
││   1│                                                         ││                                ││
││   1│                                                         ││                                ││
││   1│                                                         ││                                ││
││   1│                                                         ││                                ││
││   1│                                                         ││                                ││
││   1│                                                         ││                                ││
││   1│                                                         ││                                ││
││   1│                                                         │└────────────────────────────────┘│
││   1│                                                         │┌ Projects ──────────────────────┐│
││   1│                                                         ││► All Tasks                     ││
││   1│                                                         ││                                ││
││   1│                                                         ││                                ││
││   1│                                                         ││                                ││
││    └──────────────────────────────────────────────────────   ││                                ││
││     11/26                                               12/9 ││                                ││
│└──────────────────────────────────────────────────────────────┘└────────────────────────────────┘│
└──────────────────────────────────────────────────────────────────────────────────────────────────┘
