---
source: tests/ui_snapshots.rs
assertion_line: 314
expression: output
---
┌───────────────────────────────── FOCUS MODE ─────────────────────────────────┐
│                                                                              │
│                                                                              │
│  [ ] Blocked task                                                            │
│                                                                              │
│      !! Medium                                                               │
│                                                                              │
│                                                                              │
│                                                                              │
│                                                                              │
│                                                                              │
│                                                                              │
│                                                                              │
│                                                                              │
│                                                                              │
│                                                                              │
│                                                                              │
│                                                                              │
│                                                                              │
│⏱ 00:00:00                                                                    │
│                                                                              │
│[t] Start Timer  [x] Toggle  [f/Esc] Exit                                     │
│                                                                              │
└──────────────────────────────────────────────────────────────────────────────┘
