---
source: tests/ui_snapshots.rs
assertion_line: 179
expression: output
---
┌ 📋  Todo (0) ──────────┐┌ ⏳  In Progress (0) ───┐┌ 🔒  Blocked (0) ───────┐┌ ✅  Done (0) ──────────┐
│No tasks               ││No tasks               ││No tasks               ││No tasks               │
│                       ││                       ││                       ││                       │
│                       ││                       ││                       ││                       │
│                       ││                       ││                       ││                       │
│                       ││                       ││                       ││                       │
│                       ││                       ││                       ││                       │
│                       ││                       ││                       ││                       │
│                       ││                       ││                       ││                       │
│                       ││                       ││                       ││                       │
│                       ││                       ││                       ││                       │
│                       ││                       ││                       ││                       │
│                       ││                       ││                       ││                       │
│                       ││                       ││                       ││                       │
│                       ││                       ││                       ││                       │
│                       ││                       ││                       ││                       │
│                       ││                       ││                       ││                       │
│                       ││                       ││                       ││                       │
│                       ││                       ││                       ││                       │
│                       ││                       ││                       ││                       │
│                       ││                       ││                       ││                       │
│                       ││                       ││                       ││                       │
│                       ││                       ││                       ││                       │
│                       ││                       ││                       ││                       │
└───────────────────────┘└───────────────────────┘└───────────────────────┘└───────────────────────┘
