---
source: tests/ui_snapshots.rs
assertion_line: 293
expression: output
---
┌ Heatmap - Task Completion Activity ────────────────────────────────────────────────────┐
│    DecJan Feb Mar Apr  May Jun Jul  Aug Sep  Oct Nov Dec                               │
│    ████████████████████████████████████████████████████                                │
│Mon ████████████████████████████████████████████████████                                │
│    ████████████████████████████████████████████████████                                │
│Wed ████████████████████████████████████████████████████                                │
│    ████████████████████████████████████████████████████                                │
│Fri ████████████████████████████████████████████████████                                │
│    ████████████████████████████████████████████████████                                │
│                                                                                        │
│Less █████  More                                                                        │
│                                                                                        │
│0 tasks completed in the last year                                                      │
│                                                                                        │
│Current streak: 0 days                                                                  │
│Longest streak: 0 days                                                                  │
│Best day: 0 tasks                                                                       │
│                                                                                        │
│                                                                                        │
└────────────────────────────────────────────────────────────────────────────────────────┘
