---
source: tests/ui_snapshots.rs
assertion_line: 408
expression: output
---
 Week 50 • Dec 08 - Dec 14, 2025
┌ Mon 8 (1) ────┐┌ Tue 9 (4) ────┐┌ Wed 10 (1) ───┐┌ Thu 11 (4) ────┐┌ Fri 12 (3) ───┐┌ Sat 13 (1) ───┐┌ Sun 14 (4) ───┐
│◇ !● Fix critic││◇ ● Review pul…││◇ !● Send weekl││◇ ● Meal prep f…││◇ ● 1:1 with m…││◇ ● Implement …││◇ ● Submit exp…│
│               ││◇ ● Grocery sh…││               ││◇ !● Write unit ││◇ ● Review mon…││               ││◇ ● Mow the la…│
│               ││◇ ● Call mom   ││               ││◇ ● Return Amaz…││◇ ● Implement …││               ││◇ !● Set up sta│
│               ││◇ !● Implement ││               ││◇ !● Implement b││               ││               ││◇ !● Write API │
│               ││               ││               ││                ││               ││               ││               │
│               ││               ││               ││                ││               ││               ││               │
│               ││               ││               ││                ││               ││               ││               │
│               ││               ││               ││                ││               ││               ││               │
│               ││               ││               ││                ││               ││               ││               │
│               ││               ││               ││                ││               ││               ││               │
│               ││               ││               ││                ││               ││               ││               │
│               ││               ││               ││                ││               ││               ││               │
│               ││               ││               ││                ││               ││               ││               │
│               ││               ││               ││                ││               ││               ││               │
│               ││               ││               ││                ││               ││               ││               │
│               ││               ││               ││                ││               ││               ││               │
│               ││               ││               ││                ││               ││               ││               │
│               ││               ││               ││                ││               ││               ││               │
│               ││               ││               ││                ││               ││               ││               │
│               ││               ││               ││                ││               ││               ││               │
│               ││               ││               ││                ││               ││               ││               │
│               ││               ││               ││                ││               ││               ││               │
│               ││               ││               ││                ││               ││               ││               │
│               ││               ││               ││                ││               ││               ││               │
│               ││               ││               ││                ││               ││               ││               │
│               ││               ││               ││                ││               ││               ││               │
│               ││               ││               ││                ││               ││               ││               │
└───────────────┘└───────────────┘└───────────────┘└────────────────┘└───────────────┘└───────────────┘└───────────────┘
