---
source: tests/ui_snapshots.rs
assertion_line: 193
expression: output
---
┌ 📋  Todo (2) ┐┌ ⏳  In Progre┐┌ 🔒  Blocked (┐┌ ✅  Done (0) ┐
│!!! Revi…    ││!!!! Fix …   ││!! Bloc…     ││No tasks     │
│!! Writ…     ││             ││             ││             │
│             ││             ││             ││             │
│             ││             ││             ││             │
│             ││             ││             ││             │
│             ││             ││             ││             │
│             ││             ││             ││             │
│             ││             ││             ││             │
│             ││             ││             ││             │
│             ││             ││             ││             │
│             ││             ││             ││             │
│             ││             ││             ││             │
│             ││             ││             ││             │
│             ││             ││             ││             │
│             ││             ││             ││             │
│             ││             ││             ││             │
│             ││             ││             ││             │
│             ││             ││             ││             │
└─────────────┘└─────────────┘└─────────────┘└─────────────┘
